MAP
	NAME		"Essences recommandées par les Guides des stations"
	EXTENT	42250.0001199999969685 21170.0001200000115205 295170.0001199999824166 167700.0001200000115205
	SIZE           800 800
	SHAPEPATH      "/media/Data10/Forestimator/CS/"
	IMAGECOLOR     255 255 255

	PROJECTION
		"init=epsg:31370"
	END
	
	WEB
		METADATA
	    	"wms_label"           "Serveur WMS des cartes de recommandation des Guides des stations"
	    	"wms_onlineresource"  "http://gxgfservcarto.gxabt.ulg.ac.be/cgi-bin/aptitude_cs?"
			"wms_service_onlineresource"   "http://gxgfservcarto.gxabt.ulg.ac.be/cgi-bin/aptitude_cs?"
	    	"wms_srs"             "EPSG:31370"
			"wms_enable_request"  "*"
	  	END
  	END
LAYER
  NAME "Aptitude_CS_AG"
   TYPE RASTER
   STATUS ON
   PROJECTION
      "init=epsg:31370"
   END
   DATA "recommandation_AG.tif" 
   INCLUDE "/home/carto/app/Forestimator/forestimatorWeb/mapserver/symbol_recommandationGS.map"
   METADATA
      "wms_title"           "recommandation pour le Sapin de Vancouver"
      "wms_srs"             "EPSG:31370"
   END
   TEMPLATE "../template.html"
END
LAYER
  NAME "Aptitude_CS_AN"
   TYPE RASTER
   STATUS ON
   PROJECTION
      "init=epsg:31370"
   END
   DATA "recommandation_AN.tif" 
   INCLUDE "/home/carto/app/Forestimator/forestimatorWeb/mapserver/symbol_recommandationGS.map"
 METADATA
      "wms_title"           "recommandation pour le Sapin noble"
      "wms_srs"             "EPSG:31370"
   END
   TEMPLATE "../template.html"
END
LAYER
  NAME "Aptitude_CS_AP"
   TYPE RASTER
   STATUS ON
   PROJECTION
      "init=epsg:31370"
   END
   DATA "recommandation_AP.tif" 
INCLUDE "/home/carto/app/Forestimator/forestimatorWeb/mapserver/symbol_recommandationGS.map"
 METADATA
      "wms_title"           "recommandation pour le Sapin pectiné"
      "wms_srs"             "EPSG:31370"
   END
   TEMPLATE "../template.html"
END
LAYER
  NAME "Aptitude_CS_AX"
   TYPE RASTER
   STATUS ON
   PROJECTION
      "init=epsg:31370"
   END
   DATA "recommandation_AX.tif" 
INCLUDE "/home/carto/app/Forestimator/forestimatorWeb/mapserver/symbol_recommandationGS.map"
 METADATA
      "wms_title"           "recommandation pour l'Aulne glutineux"
      "wms_srs"             "EPSG:31370"
   END
   TEMPLATE "../template.html"
END
LAYER
  NAME "Aptitude_CS_BP"
   TYPE RASTER
   STATUS ON
   PROJECTION
      "init=epsg:31370"
   END
   DATA "recommandation_BP.tif" 
INCLUDE "/home/carto/app/Forestimator/forestimatorWeb/mapserver/symbol_recommandationGS.map"
 METADATA
      "wms_title"           "recommandation pour le Bouleau pubescent"
      "wms_srs"             "EPSG:31370"
   END
   TEMPLATE "../template.html"
END
LAYER
  NAME "Aptitude_CS_BV"
   TYPE RASTER
   STATUS ON
   PROJECTION
      "init=epsg:31370"
   END
   DATA "recommandation_BV.tif" 
INCLUDE "/home/carto/app/Forestimator/forestimatorWeb/mapserver/symbol_recommandationGS.map"
 METADATA
      "wms_title"           "recommandation pour le Bouleau verruqueux"
      "wms_srs"             "EPSG:31370"
   END
   TEMPLATE "../template.html"
END
LAYER
  NAME "Aptitude_CS_CA"
   TYPE RASTER
   STATUS ON
   PROJECTION
      "init=epsg:31370"
   END
   DATA "recommandation_CA.tif" 
INCLUDE "/home/carto/app/Forestimator/forestimatorWeb/mapserver/symbol_recommandationGS.map"
 METADATA
      "wms_title"           "recommandation pour le Charme"
      "wms_srs"             "EPSG:31370"
   END
   TEMPLATE "../template.html"
END
LAYER
  NAME "Aptitude_CS_CD"
   TYPE RASTER
   STATUS ON
   PROJECTION
      "init=epsg:31370"
   END
   DATA "recommandation_CD.tif" 
INCLUDE "/home/carto/app/Forestimator/forestimatorWeb/mapserver/symbol_recommandationGS.map"
 METADATA
      "wms_title"           "recommandation pour le Cèdre de lAtlas"
      "wms_srs"             "EPSG:31370"
   END
   TEMPLATE "../template.html"
END
LAYER
  NAME "Aptitude_CS_CO"
   TYPE RASTER
   STATUS ON
   PROJECTION
      "init=epsg:31370"
   END
   DATA "recommandation_CO.tif" 
INCLUDE "/home/carto/app/Forestimator/forestimatorWeb/mapserver/symbol_recommandationGS.map"
 METADATA
      "wms_title"           "recommandation pour le Cormier"
      "wms_srs"             "EPSG:31370"
   END
   TEMPLATE "../template.html"
END
LAYER
  NAME "Aptitude_CS_CP"
   TYPE RASTER
   STATUS ON
   PROJECTION
      "init=epsg:31370"
   END
   DATA "recommandation_CP.tif" 
INCLUDE "/home/carto/app/Forestimator/forestimatorWeb/mapserver/symbol_recommandationGS.map"
 METADATA
      "wms_title"           "recommandation pour le Chêne pédonculé"
      "wms_srs"             "EPSG:31370"
   END
   TEMPLATE "../template.html"
END
LAYER
  NAME "Aptitude_CS_CR"
   TYPE RASTER
   STATUS ON
   PROJECTION
      "init=epsg:31370"
   END
   DATA "recommandation_CR.tif" 
INCLUDE "/home/carto/app/Forestimator/forestimatorWeb/mapserver/symbol_recommandationGS.map"
 METADATA
      "wms_title"           "recommandation pour le Chêne rouge dAmérique"
      "wms_srs"             "EPSG:31370"
   END
   TEMPLATE "../template.html"
END
LAYER
  NAME "Aptitude_CS_CS"
   TYPE RASTER
   STATUS ON
   PROJECTION
      "init=epsg:31370"
   END
   DATA "recommandation_CS.tif" 
INCLUDE "/home/carto/app/Forestimator/forestimatorWeb/mapserver/symbol_recommandationGS.map"
 METADATA
      "wms_title"           "recommandation pour le Chêne sessile"
      "wms_srs"             "EPSG:31370"
   END
   TEMPLATE "../template.html"
END
LAYER
  NAME "Aptitude_CS_CT"
   TYPE RASTER
   STATUS ON
   PROJECTION
      "init=epsg:31370"
   END
   DATA "recommandation_CT.tif" 
INCLUDE "/home/carto/app/Forestimator/forestimatorWeb/mapserver/symbol_recommandationGS.map"
 METADATA
      "wms_title"           "recommandation pour le Châtaignier"
      "wms_srs"             "EPSG:31370"
   END
   TEMPLATE "../template.html"
END
LAYER
  NAME "Aptitude_CS_CY"
   TYPE RASTER
   STATUS ON
   PROJECTION
      "init=epsg:31370"
   END
   DATA "recommandation_CY.tif" 
INCLUDE "/home/carto/app/Forestimator/forestimatorWeb/mapserver/symbol_recommandationGS.map"
 METADATA
      "wms_title"           "recommandation pour le Cyprès de Lawson"
      "wms_srs"             "EPSG:31370"
   END
   TEMPLATE "../template.html"
END
LAYER
  NAME "Aptitude_CS_DO"
   TYPE RASTER
   STATUS ON
   PROJECTION
      "init=epsg:31370"
   END
   DATA "recommandation_DO.tif" 
INCLUDE "/home/carto/app/Forestimator/forestimatorWeb/mapserver/symbol_recommandationGS.map"
 METADATA
      "wms_title"           "recommandation pour le Douglas"
      "wms_srs"             "EPSG:31370"
   END
   TEMPLATE "../template.html"
END
LAYER
  NAME "Aptitude_CS_EC"
   TYPE RASTER
   STATUS ON
   PROJECTION
      "init=epsg:31370"
   END
   DATA "recommandation_EC.tif" 
INCLUDE "/home/carto/app/Forestimator/forestimatorWeb/mapserver/symbol_recommandationGS.map"
 METADATA
      "wms_title"           "recommandation pour l'Érable champêtre"
      "wms_srs"             "EPSG:31370"
   END
   TEMPLATE "../template.html"
END
LAYER
  NAME "Aptitude_CS_EK"
   TYPE RASTER
   STATUS ON
   PROJECTION
      "init=epsg:31370"
   END
   DATA "recommandation_EK.tif" 
INCLUDE "/home/carto/app/Forestimator/forestimatorWeb/mapserver/symbol_recommandationGS.map"
 METADATA
      "wms_title"           "recommandation pour l'Épicea de Sitka"
      "wms_srs"             "EPSG:31370"
   END
   TEMPLATE "../template.html"
END
LAYER
  NAME "Aptitude_CS_EL"
   TYPE RASTER
   STATUS ON
   PROJECTION
      "init=epsg:31370"
   END
   DATA "recommandation_EL.tif" 
INCLUDE "/home/carto/app/Forestimator/forestimatorWeb/mapserver/symbol_recommandationGS.map"
 METADATA
      "wms_title"           "recommandation pour l'Érable plane"
      "wms_srs"             "EPSG:31370"
   END
   TEMPLATE "../template.html"
END
LAYER
  NAME "Aptitude_CS_EP"
   TYPE RASTER
   STATUS ON
   PROJECTION
      "init=epsg:31370"
   END
   DATA "recommandation_EP.tif" 
INCLUDE "/home/carto/app/Forestimator/forestimatorWeb/mapserver/symbol_recommandationGS.map"
 METADATA
      "wms_title"           "recommandation pour l'Épicéa commun"
      "wms_srs"             "EPSG:31370"
   END
   TEMPLATE "../template.html"
END
LAYER
  NAME "Aptitude_CS_ES"
   TYPE RASTER
   STATUS ON
   PROJECTION
      "init=epsg:31370"
   END
   DATA "recommandation_ES.tif" 
INCLUDE "/home/carto/app/Forestimator/forestimatorWeb/mapserver/symbol_recommandationGS.map"
 METADATA
      "wms_title"           "recommandation pour le Érable sycomore"
      "wms_srs"             "EPSG:31370"
   END
   TEMPLATE "../template.html"
END
LAYER
  NAME "Aptitude_CS_FR"
   TYPE RASTER
   STATUS ON
   PROJECTION
      "init=epsg:31370"
   END
   DATA "recommandation_FR.tif" 
INCLUDE "/home/carto/app/Forestimator/forestimatorWeb/mapserver/symbol_recommandationGS.map"
 METADATA
      "wms_title"           "recommandation pour le Frêne"
      "wms_srs"             "EPSG:31370"
   END
   TEMPLATE "../template.html"
END
LAYER
  NAME "Aptitude_CS_HE"
   TYPE RASTER
   STATUS ON
   PROJECTION
      "init=epsg:31370"
   END
   DATA "recommandation_HE.tif" 
INCLUDE "/home/carto/app/Forestimator/forestimatorWeb/mapserver/symbol_recommandationGS.map"
 METADATA
      "wms_title"           "recommandation pour le Hêtre"
      "wms_srs"             "EPSG:31370"
   END
   TEMPLATE "../template.html"
END
LAYER
  NAME "Aptitude_CS_IF"
   TYPE RASTER
   STATUS ON
   PROJECTION
      "init=epsg:31370"
   END
   DATA "recommandation_IF.tif" 
INCLUDE "/home/carto/app/Forestimator/forestimatorWeb/mapserver/symbol_recommandationGS.map"
 METADATA
      "wms_title"           "recommandation pour l'If commun"
      "wms_srs"             "EPSG:31370"
   END
   TEMPLATE "../template.html"
END
LAYER
  NAME "Aptitude_CS_JH"
   TYPE RASTER
   STATUS ON
   PROJECTION
      "init=epsg:31370"
   END
   DATA "recommandation_JH.tif" 
INCLUDE "/home/carto/app/Forestimator/forestimatorWeb/mapserver/symbol_recommandationGS.map"
 METADATA
      "wms_title"           "recommandation pour le Noyer hybride"
      "wms_srs"             "EPSG:31370"
   END
   TEMPLATE "../template.html"
END
LAYER
  NAME "Aptitude_CS_JN"
   TYPE RASTER
   STATUS ON
   PROJECTION
      "init=epsg:31370"
   END
   DATA "recommandation_JN.tif" 
INCLUDE "/home/carto/app/Forestimator/forestimatorWeb/mapserver/symbol_recommandationGS.map"
 METADATA
      "wms_title"           "recommandation pour le Noyer noir"
      "wms_srs"             "EPSG:31370"
   END
   TEMPLATE "../template.html"
END
LAYER
  NAME "Aptitude_CS_JR"
   TYPE RASTER
   STATUS ON
   PROJECTION
      "init=epsg:31370"
   END
   DATA "recommandation_JR.tif" 
INCLUDE "/home/carto/app/Forestimator/forestimatorWeb/mapserver/symbol_recommandationGS.map"
 METADATA
      "wms_title"           "recommandation pour le Noyer commun"
      "wms_srs"             "EPSG:31370"
   END
   TEMPLATE "../template.html"
END
LAYER
  NAME "Aptitude_CS_ME"
   TYPE RASTER
   STATUS ON
   PROJECTION
      "init=epsg:31370"
   END
   DATA "recommandation_ME.tif" 
INCLUDE "/home/carto/app/Forestimator/forestimatorWeb/mapserver/symbol_recommandationGS.map"
 METADATA
      "wms_title"           "recommandation pour le Mélèze dEurope"
      "wms_srs"             "EPSG:31370"
   END
   TEMPLATE "../template.html"
END
LAYER
  NAME "Aptitude_CS_MH"
   TYPE RASTER
   STATUS ON
   PROJECTION
      "init=epsg:31370"
   END
   DATA "recommandation_MH.tif" 
INCLUDE "/home/carto/app/Forestimator/forestimatorWeb/mapserver/symbol_recommandationGS.map"
 METADATA
      "wms_title"           "recommandation pour le Mélèze hybride"
      "wms_srs"             "EPSG:31370"
   END
   TEMPLATE "../template.html"
END
LAYER
  NAME "Aptitude_CS_MJ"
   TYPE RASTER
   STATUS ON
   PROJECTION
      "init=epsg:31370"
   END
   DATA "recommandation_MJ.tif" 
INCLUDE "/home/carto/app/Forestimator/forestimatorWeb/mapserver/symbol_recommandationGS.map"
 METADATA
      "wms_title"           "recommandation pour le Mélèze du Japon"
      "wms_srs"             "EPSG:31370"
   END
   TEMPLATE "../template.html"
END
LAYER
  NAME "Aptitude_CS_MR"
   TYPE RASTER
   STATUS ON
   PROJECTION
      "init=epsg:31370"
   END
   DATA "recommandation_MR.tif" 
INCLUDE "/home/carto/app/Forestimator/forestimatorWeb/mapserver/symbol_recommandationGS.map"
 METADATA
      "wms_title"           "recommandation pour le Merisier"
      "wms_srs"             "EPSG:31370"
   END
   TEMPLATE "../template.html"
END
LAYER
  NAME "Aptitude_CS_NO"
   TYPE RASTER
   STATUS ON
   PROJECTION
      "init=epsg:31370"
   END
   DATA "recommandation_NO.tif" 
INCLUDE "/home/carto/app/Forestimator/forestimatorWeb/mapserver/symbol_recommandationGS.map"
 METADATA
      "wms_title"           "recommandation pour le Sapin de Nordmann"
      "wms_srs"             "EPSG:31370"
   END
   TEMPLATE "../template.html"
END
LAYER
  NAME "Aptitude_CS_OC"
   TYPE RASTER
   STATUS ON
   PROJECTION
      "init=epsg:31370"
   END
   DATA "recommandation_OC.tif" 
INCLUDE "/home/carto/app/Forestimator/forestimatorWeb/mapserver/symbol_recommandationGS.map"
 METADATA
      "wms_title"           "recommandation pour l'Orme champêtre"
      "wms_srs"             "EPSG:31370"
   END
   TEMPLATE "../template.html"
END
LAYER
  NAME "Aptitude_CS_OL"
   TYPE RASTER
   STATUS ON
   PROJECTION
      "init=epsg:31370"
   END
   DATA "recommandation_OL.tif" 
INCLUDE "/home/carto/app/Forestimator/forestimatorWeb/mapserver/symbol_recommandationGS.map"
 METADATA
      "wms_title"           "recommandation pour l'Orme lisse"
      "wms_srs"             "EPSG:31370"
   END
   TEMPLATE "../template.html"
END
LAYER
  NAME "Aptitude_CS_OM"
   TYPE RASTER
   STATUS ON
   PROJECTION
      "init=epsg:31370"
   END
   DATA "recommandation_OM.tif" 
INCLUDE "/home/carto/app/Forestimator/forestimatorWeb/mapserver/symbol_recommandationGS.map"
 METADATA
      "wms_title"           "recommandation pour l'Orme de montagne"
      "wms_srs"             "EPSG:31370"
   END
   TEMPLATE "../template.html"
END
LAYER
  NAME "Aptitude_CS_PA"
   TYPE RASTER
   STATUS ON
   PROJECTION
      "init=epsg:31370"
   END
   DATA "recommandation_PA.tif" 
INCLUDE "/home/carto/app/Forestimator/forestimatorWeb/mapserver/symbol_recommandationGS.map"
 METADATA
      "wms_title"           "recommandation pour le Pin noir dAutriche"
      "wms_srs"             "EPSG:31370"
   END
   TEMPLATE "../template.html"
END
LAYER
  NAME "Aptitude_CS_PC"
   TYPE RASTER
   STATUS ON
   PROJECTION
      "init=epsg:31370"
   END
   DATA "recommandation_PC.tif" 
INCLUDE "/home/carto/app/Forestimator/forestimatorWeb/mapserver/symbol_recommandationGS.map"
 METADATA
      "wms_title"           "recommandation pour le Pin laricio de Corse"
      "wms_srs"             "EPSG:31370"
   END
   TEMPLATE "../template.html"
END
LAYER
  NAME "Aptitude_CS_PG"
   TYPE RASTER
   STATUS ON
   PROJECTION
      "init=epsg:31370"
   END
   DATA "recommandation_PG.tif" 
INCLUDE "/home/carto/app/Forestimator/forestimatorWeb/mapserver/symbol_recommandationGS.map"
 METADATA
      "wms_title"           "recommandation pour le Peuplier grisard"
      "wms_srs"             "EPSG:31370"
   END
   TEMPLATE "../template.html"
END
LAYER
  NAME "Aptitude_CS_PK"
   TYPE RASTER
   STATUS ON
   PROJECTION
      "init=epsg:31370"
   END
   DATA "recommandation_PK.tif" 
INCLUDE "/home/carto/app/Forestimator/forestimatorWeb/mapserver/symbol_recommandationGS.map"
 METADATA
      "wms_title"           "recommandation pour le Pin de Koekelare"
      "wms_srs"             "EPSG:31370"
   END
   TEMPLATE "../template.html"
END
LAYER
  NAME "Aptitude_CS_PM"
   TYPE RASTER
   STATUS ON
   PROJECTION
      "init=epsg:31370"
   END
   DATA "recommandation_PM.tif" 
INCLUDE "/home/carto/app/Forestimator/forestimatorWeb/mapserver/symbol_recommandationGS.map"
 METADATA
      "wms_title"           "recommandation pour le Pommier sauvage"
      "wms_srs"             "EPSG:31370"
   END
   TEMPLATE "../template.html"
END
LAYER
  NAME "Aptitude_CS_PN"
   TYPE RASTER
   STATUS ON
   PROJECTION
      "init=epsg:31370"
   END
   DATA "recommandation_PN.tif" 
INCLUDE "/home/carto/app/Forestimator/forestimatorWeb/mapserver/symbol_recommandationGS.map"
 METADATA
      "wms_title"           "recommandation pour le Peuplier noir"
      "wms_srs"             "EPSG:31370"
   END
   TEMPLATE "../template.html"
END
LAYER
  NAME "Aptitude_CS_PO"
   TYPE RASTER
   STATUS ON
   PROJECTION
      "init=epsg:31370"
   END
   DATA "recommandation_PO.tif" 
INCLUDE "/home/carto/app/Forestimator/forestimatorWeb/mapserver/symbol_recommandationGS.map"
 METADATA
      "wms_title"           "recommandation pour le Poirier sauvage"
      "wms_srs"             "EPSG:31370"
   END
   TEMPLATE "../template.html"
END
LAYER
  NAME "Aptitude_CS_PS"
   TYPE RASTER
   STATUS ON
   PROJECTION
      "init=epsg:31370"
   END
   DATA "recommandation_PS.tif" 
INCLUDE "/home/carto/app/Forestimator/forestimatorWeb/mapserver/symbol_recommandationGS.map"
 METADATA
      "wms_title"           "recommandation pour le Pin sylvestre"
      "wms_srs"             "EPSG:31370"
   END
   TEMPLATE "../template.html"
END
LAYER
  NAME "Aptitude_CS_PT"
   TYPE RASTER
   STATUS ON
   PROJECTION
      "init=epsg:31370"
   END
   DATA "recommandation_PT.tif" 
INCLUDE "/home/carto/app/Forestimator/forestimatorWeb/mapserver/symbol_recommandationGS.map"
 METADATA
      "wms_title"           "recommandation pour le Peuplier tremble"
      "wms_srs"             "EPSG:31370"
   END
   TEMPLATE "../template.html"
END
LAYER
  NAME "Aptitude_CS_PY"
   TYPE RASTER
   STATUS ON
   PROJECTION
      "init=epsg:31370"
   END
   DATA "recommandation_PY.tif" 
INCLUDE "/home/carto/app/Forestimator/forestimatorWeb/mapserver/symbol_recommandationGS.map"
 METADATA
      "wms_title"           "recommandation pour le Peuplier noir hybride"
      "wms_srs"             "EPSG:31370"
   END
   TEMPLATE "../template.html"
END
LAYER
  NAME "Aptitude_CS_PZ"
   TYPE RASTER
   STATUS ON
   PROJECTION
      "init=epsg:31370"
   END
   DATA "recommandation_PZ.tif" 
INCLUDE "/home/carto/app/Forestimator/forestimatorWeb/mapserver/symbol_recommandationGS.map"
 METADATA
      "wms_title"           "recommandation pour le Peuplier baumier"
      "wms_srs"             "EPSG:31370"
   END
   TEMPLATE "../template.html"
END
LAYER
  NAME "Aptitude_CS_RO"
   TYPE RASTER
   STATUS ON
   PROJECTION
      "init=epsg:31370"
   END
   DATA "recommandation_RO.tif" 
INCLUDE "/home/carto/app/Forestimator/forestimatorWeb/mapserver/symbol_recommandationGS.map"
 METADATA
      "wms_title"           "recommandation pour le Robinier"
      "wms_srs"             "EPSG:31370"
   END
   TEMPLATE "../template.html"
END
LAYER
  NAME "Aptitude_CS_RY"
   TYPE RASTER
   STATUS ON
   PROJECTION
      "init=epsg:31370"
   END
   DATA "recommandation_RY.tif" 
INCLUDE "/home/carto/app/Forestimator/forestimatorWeb/mapserver/symbol_recommandationGS.map"
 METADATA
      "wms_title"           "Aptitude desCaryers"
      "wms_srs"             "EPSG:31370"
   END
   TEMPLATE "../template.html"
END
LAYER
  NAME "Aptitude_CS_SA"
   TYPE RASTER
   STATUS ON
   PROJECTION
      "init=epsg:31370"
   END
   DATA "recommandation_SA.tif" 
INCLUDE "/home/carto/app/Forestimator/forestimatorWeb/mapserver/symbol_recommandationGS.map"
 METADATA
      "wms_title"           "recommandation pour le Saule blanc"
      "wms_srs"             "EPSG:31370"
   END
   TEMPLATE "../template.html"
END
LAYER
  NAME "Aptitude_CS_SO"
   TYPE RASTER
   STATUS ON
   PROJECTION
      "init=epsg:31370"
   END
   DATA "recommandation_SO.tif" 
INCLUDE "/home/carto/app/Forestimator/forestimatorWeb/mapserver/symbol_recommandationGS.map"
 METADATA
      "wms_title"           "recommandation pour le Sorbier des oiseleurs"
      "wms_srs"             "EPSG:31370"
   END
   TEMPLATE "../template.html"
END
LAYER
  NAME "Aptitude_CS_ST"
   TYPE RASTER
   STATUS ON
   PROJECTION
      "init=epsg:31370"
   END
   DATA "recommandation_ST.tif" 
INCLUDE "/home/carto/app/Forestimator/forestimatorWeb/mapserver/symbol_recommandationGS.map"
 METADATA
      "wms_title"           "recommandation pour l'Alisier torminal"
      "wms_srs"             "EPSG:31370"
   END
   TEMPLATE "../template.html"
END
LAYER
  NAME "Aptitude_CS_TC"
   TYPE RASTER
   STATUS ON
   PROJECTION
      "init=epsg:31370"
   END
   DATA "recommandation_TC.tif" 
INCLUDE "/home/carto/app/Forestimator/forestimatorWeb/mapserver/symbol_recommandationGS.map"
 METADATA
      "wms_title"           "recommandation pour le Tilleul à petites feuilles"
      "wms_srs"             "EPSG:31370"
   END
   TEMPLATE "../template.html"
END
LAYER
  NAME "Aptitude_CS_TH"
   TYPE RASTER
   STATUS ON
   PROJECTION
      "init=epsg:31370"
   END
   DATA "recommandation_TH.tif" 
INCLUDE "/home/carto/app/Forestimator/forestimatorWeb/mapserver/symbol_recommandationGS.map"
 METADATA
      "wms_title"           "recommandation pour le Thuya géant"
      "wms_srs"             "EPSG:31370"
   END
   TEMPLATE "../template.html"
END
LAYER
  NAME "Aptitude_CS_TP"
   TYPE RASTER
   STATUS ON
   PROJECTION
      "init=epsg:31370"
   END
   DATA "recommandation_TP.tif" 
INCLUDE "/home/carto/app/Forestimator/forestimatorWeb/mapserver/symbol_recommandationGS.map"
 METADATA
      "wms_title"           "recommandation pour le Tilleul à grandes feuilles"
      "wms_srs"             "EPSG:31370"
   END
   TEMPLATE "../template.html"
END
LAYER
  NAME "Aptitude_CS_TU"
   TYPE RASTER
   STATUS ON
   PROJECTION
      "init=epsg:31370"
   END
   DATA "recommandation_TU.tif" 
INCLUDE "/home/carto/app/Forestimator/forestimatorWeb/mapserver/symbol_recommandationGS.map"
 METADATA
      "wms_title"           "recommandation pour le Tulipier de Virginie"
      "wms_srs"             "EPSG:31370"
   END
   TEMPLATE "../template.html"
END
LAYER
  NAME "Aptitude_CS_TY"
   TYPE RASTER
   STATUS ON
   PROJECTION
      "init=epsg:31370"
   END
   DATA "recommandation_TY.tif" 
INCLUDE "/home/carto/app/Forestimator/forestimatorWeb/mapserver/symbol_recommandationGS.map"
 METADATA
      "wms_title"           "recommandation pour le Tsuga hétérophylle"
      "wms_srs"             "EPSG:31370"
   END
   TEMPLATE "../template.html"
END
END
