LAYER
  NAME "CS_Ardenne"
   TYPE RASTER
   STATUS ON
   PROJECTION
      "init=epsg:31370"
   END
   DATA "GSA_V7_202409_RW.tif" 
   PROCESSING "BANDS=1" 
   CLASSITEM "[pixel]" 
   CLASS 
      NAME "A1 Tourbière acide"
      EXPRESSION "1"
      STYLE 
          COLOR 0 0 0
       END
   END
   CLASS 
      NAME "A2 Marais et source"
      EXPRESSION "2"
      STYLE 
          COLOR 23 45 242
       END
   END
   CLASS 
      NAME "A3 Argile blanche humide"
      EXPRESSION "3"
      STYLE 
          COLOR 109 117 114
       END
   END
   CLASS 
      NAME "A4 Sol blanchi à régime hydrique alternatif"
      EXPRESSION "4"
      STYLE 
          COLOR 223 200 165
       END
   END
   CLASS 
      NAME "A5 Sol brun à régime hydrique alternatif"
      EXPRESSION "5"
      STYLE 
          COLOR 182 128 2
       END
   END
   CLASS 
      NAME "A6 Terrasse alluviale humide"
      EXPRESSION "6"
      STYLE 
          COLOR 80 153 243
       END
   END
   CLASS 
      NAME "A7 Terrasse alluviale fraiche"
      EXPRESSION "7"
      STYLE 
          COLOR 132 233 253
       END
   END
   CLASS 
      NAME "A8 Vallon frais"
      EXPRESSION "8"
      STYLE 
          COLOR 98 249 196
       END
   END
   CLASS 
      NAME "A9 Ravin hygrosciaphile"
      EXPRESSION "9"
      STYLE 
          COLOR 254 85 248
       END
   END
   CLASS 
      NAME "A10 Versant chauds au sol superficiel"
      EXPRESSION "10"
      STYLE 
          COLOR 254 47 3
       END
   END
   CLASS 
      NAME "A11 Versant chaud"
      EXPRESSION "11"
      STYLE 
          COLOR 249 155 31
       END
   END
   CLASS 
      NAME "A12 Versant frais pauvre"
      EXPRESSION "12"
      STYLE 
          COLOR 204 134 213
       END
   END
   CLASS 
      NAME "A13 Versant frais riche"
      EXPRESSION "13"
      STYLE 
          COLOR 121 6 187
       END
   END
   CLASS 
      NAME "A14 Sol profond des plateaux"
      EXPRESSION "14"
      STYLE 
          COLOR 153 235 130
       END
   END
   CLASS 
      NAME "A15 Sol peu profond des plateaux"
      EXPRESSION "15"
      STYLE 
          COLOR 13 186 4
       END
   END
   CLASS 
      NAME "A16 Sol superficiel des plateaux"
      EXPRESSION "16"
      STYLE 
          COLOR 20 112 14
       END
   END
   CLASS 
      NAME "A17 Affleurements rocheux"
      EXPRESSION "17"
      STYLE 
          COLOR 205 191 188
       END
   END
   
   CLASS 
      NAME "F1 Affleurements rocheux"
      EXPRESSION "101"
      STYLE 
          COLOR '#7c7c7c'
       END
   END
   CLASS 
      NAME "F2 Ravin hygrosciaphile"
      EXPRESSION "102"
      STYLE 
          COLOR '#e728f1'
       END
   END
   
   CLASS 
      NAME "F3 Sol profond peu caillouteux"
      EXPRESSION "103"
      STYLE 
          COLOR '#8b5f01'
       END
   END
    CLASS 
      NAME "F4 Vallon frais"
      EXPRESSION "104"
      STYLE 
          COLOR '#b3e3ef'
       END
   END
   CLASS 
      NAME "F5 Marais et source"
      EXPRESSION "105"
      STYLE 
          COLOR '#000204'
       END
   END
   CLASS 
      NAME "F6 Terrasse alluviale humide"
      EXPRESSION "106"
      STYLE 
          COLOR '#0d3ad4'
       END
   END
    CLASS 
      NAME "F7 Terrasse alluviale fraiche"
      EXPRESSION "107"
      STYLE 
          COLOR '#4bbefd'
       END
   END
      CLASS 
      NAME "F8 Station xéro-thermique (schisto-)calcaire"
      EXPRESSION "108"
      STYLE 
          COLOR '#fdff77'
       END
   END
   CLASS 
      NAME "F9 Versant frais (schisto-)calcaire"
      EXPRESSION "109"
      STYLE 
          COLOR '#72cc8a'
       END
   END
   CLASS 
      NAME "F10 Versant frais (schisto-)calcaire profond"
      EXPRESSION "110"
      STYLE 
          COLOR '#436940'
       END
   END
      CLASS 
      NAME "F11 Versant chaud (schisto-)calcaire"
      EXPRESSION "111"
      STYLE 
          COLOR '#fdd300'
       END
   END
      CLASS 
      NAME "F12 Plateau (schisto-)calcaire"
      EXPRESSION "112"
      STYLE 
          COLOR '#c4c9c7'
       END
   END
      CLASS 
      NAME "F13 Versant frais (schisto-)psammitique"
      EXPRESSION "113"
      STYLE 
          COLOR '#a0c260'
       END
   END
         CLASS 
      NAME "F14 Versant chaud (schisto-)psammitique"
      EXPRESSION "114"
      STYLE 
          COLOR '#ff8c00'
       END
   END
         CLASS 
      NAME "F15 Plateau (schisto-)psammitique"
      EXPRESSION "115"
      STYLE 
          COLOR '#c3944e'
       END
   END
   CLASS 
      NAME "F16 Sol superficiel sur schiste"
      EXPRESSION "116"
      STYLE 
          COLOR '#fb7a9a'
       END
   END
   CLASS 
      NAME "F17 Versant chaud schisteux"
      EXPRESSION "117"
      STYLE 
          COLOR '#cb0505'
       END
   END
   CLASS 
      NAME "F18 Versant frais schisteux"
      EXPRESSION "118"
      STYLE 
          COLOR '#8dec82'
       END
   END
   CLASS 
      NAME "FCC19 Plateau schisteux à bon drainage"
      EXPRESSION "119"
      STYLE 
          COLOR '#fdb9f0'
       END
   END
   CLASS 
      NAME "F20 Sol argilo-schisteux à régime hydrique alternatif à tendance seche"
      EXPRESSION "120"
      STYLE 
          COLOR '#c699f4'
       END
   END
   CLASS 
      NAME "F21 Sol argilo-schisteux à régime hydrique alternatif à tendance humide"
      EXPRESSION "121"
      STYLE 
          COLOR '#815acc'
       END
   END
  
   CLASS 
      NAME "Non définis"
      EXPRESSION "0"
      STYLE 
          COLOR 255 255 255
       END
   END
 METADATA
      "wms_title"           "Catalogue de station Ardenne et FFC"
      "wms_srs"             "EPSG:31370"
      "wcs_label"           "Catalogue de station Ardenne et FFC"
      "wcs_enable_request"  "*"
      "wcs_rangeset_name"   "RangeSet1"
      "wcs_rangeset_label"  "Raster Data Values"
   END
   TEMPLATE "../template.html"
END

