   CLASS 
      NAME "F1 Affleurements rocheux"
      EXPRESSION "101"
      STYLE 
          COLOR '#7c7c7c'
       END
   END
   CLASS 
      NAME "F2 Ravin hygrosciaphile"
      EXPRESSION "102"
      STYLE 
          COLOR '#e728f1'
       END
   END
   
   CLASS 
      NAME "F3 Sol profond peu caillouteux"
      EXPRESSION "103"
      STYLE 
          COLOR '#8b5f01'
       END
   END
    CLASS 
      NAME "F4 Vallon frais"
      EXPRESSION "104"
      STYLE 
          COLOR '#b3e3ef'
       END
   END
   CLASS 
      NAME "F5 Marais et source"
      EXPRESSION "105"
      STYLE 
          COLOR '#000204'
       END
   END
   CLASS 
      NAME "F6 Terrasse alluviale humide"
      EXPRESSION "106"
      STYLE 
          COLOR '#0d3ad4'
       END
   END
    CLASS 
      NAME "F7 Terrasse alluviale fraiche"
      EXPRESSION "107"
      STYLE 
          COLOR '#4bbefd'
       END
   END
      CLASS 
      NAME "F8 Station xéro-thermique (schisto-)calcaire"
      EXPRESSION "108"
      STYLE 
          COLOR '#fdff77'
       END
   END
   CLASS 
      NAME "F9 Versant frais (schisto-)calcaire"
      EXPRESSION "109"
      STYLE 
          COLOR '#72cc8a'
       END
   END
   CLASS 
      NAME "F10 Versant frais (schisto-)calcaire profond"
      EXPRESSION "110"
      STYLE 
          COLOR '#436940'
       END
   END
      CLASS 
      NAME "F11 Versant chaud (schisto-)calcaire"
      EXPRESSION "111"
      STYLE 
          COLOR '#fdd300'
       END
   END
      CLASS 
      NAME "F12 Plateau (schisto-)calcaire"
      EXPRESSION "112"
      STYLE 
          COLOR '#c4c9c7'
       END
   END
      CLASS 
      NAME "F13 Versant frais (schisto-)psammitique"
      EXPRESSION "113"
      STYLE 
          COLOR '#a0c260'
       END
   END
         CLASS 
      NAME "F14 Versant chaud (schisto-)psammitique"
      EXPRESSION "114"
      STYLE 
          COLOR '#ff8c00'
       END
   END
         CLASS 
      NAME "F15 Plateau (schisto-)psammitique"
      EXPRESSION "115"
      STYLE 
          COLOR '#c3944e'
       END
   END
   CLASS 
      NAME "F16 Sol superficiel sur schiste"
      EXPRESSION "116"
      STYLE 
          COLOR '#fb7a9a'
       END
   END
   CLASS 
      NAME "F17 Versant chaud schisteux"
      EXPRESSION "117"
      STYLE 
          COLOR '#cb0505'
       END
   END
   CLASS 
      NAME "F18 Versant frais schisteux"
      EXPRESSION "118"
      STYLE 
          COLOR '#8dec82'
       END
   END
   CLASS 
      NAME "F19 Plateau schisteux à bon drainage"
      EXPRESSION "119"
      STYLE 
          COLOR '#fdb9f0'
       END
   END
   CLASS 
      NAME "F20 Sol argilo-schisteux à régime hydrique alternatif à tendance seche"
      EXPRESSION "120"
      STYLE 
          COLOR '#c699f4'
       END
   END
   CLASS 
      NAME "F21 Sol argilo-schisteux à régime hydrique alternatif à tendance humide"
      EXPRESSION "121"
      STYLE 
          COLOR '#815acc'
       END
   END
