   		CLASS
   			EXPRESSION ([pixel]<=500)
			STYLE
				COLORRANGE '#440154' '#472a7a'
				DATARANGE 0.0 500.0
			END
		END
		CLASS
   			EXPRESSION ([pixel]>500.0 AND [pixel]<=1000.0)
			STYLE
				COLORRANGE '#472a7a' '#39568c'
				DATARANGE 500.0 1000.0
			END
		END
		CLASS
   			EXPRESSION ([pixel]>1000.0 AND [pixel]<=1500.0)
			STYLE
				COLORRANGE '#39568c' '#297b8e'
				DATARANGE 1000.0 1500.0
			END
		END
		CLASS
   			EXPRESSION ([pixel]>1500.0 AND [pixel]<=2000.0)
			STYLE
				COLORRANGE '#297b8e' '#1e9f89'
				DATARANGE 1500.0 2000.0
			END
		END
			
		CLASS
   			EXPRESSION ([pixel]>2000.0 AND [pixel]<=2500.0)
			STYLE
				COLORRANGE '#1e9f89' '#46c06f'
				DATARANGE 2000.0 2500.0
			END
		END
			
		CLASS
   			EXPRESSION ([pixel]>2500.0 AND [pixel]<=3000.0)
			STYLE
				COLORRANGE '#46c06f' '#9cd93b'
				DATARANGE 2500.0 3000.0
			END
			
		END
		CLASS
   			EXPRESSION ([pixel]>3000.0 AND [pixel]<=6000.0)
   			STYLE
				COLORRANGE '#9cd93b' '#fde725'
				DATARANGE 3000.0 3500.0
			END
		END
